C51 COMPILER V9.57.0.0   BOARD                                                             01/22/2023 21:07:01 PAGE 1   


C51 COMPILER V9.57.0.0, COMPILATION OF MODULE BOARD
OBJECT MODULE PLACED IN .\Objects\board.obj
COMPILER INVOKED BY: C:\Keil_v5\C51\BIN\C51.EXE ..\..\Libraries\libraries\board.c OPTIMIZE(8,SPEED) BROWSE INCDIR(..\..\
                    -Libraries\libraries;..\USER\inc;..\CODE;..\..\Libraries\zxy_libraries) DEBUG OBJECTEXTEND PRINT(.\Listings\board.lst) TA
                    -BS(2) OBJECT(.\Objects\board.obj)

line level    source

   1          /***
   2           * @file    board.c
   3           * @author  zxy
   4           * @date    2023-01-17
   5          */
   6          
   7          #include "board.h"
   8          
   9          int32 sys_clk = 24000000;
  10          
  11          /***
  12           * @brief 板子初始化
  13           * 
  14           * @version 1.0
  15           * @date  2023-01-17
  16          */
  17          void board_init(void){
  18   1        AUXR = 0;
  19   1        SCON = 0;
  20   1        TMOD = 0;
  21   1        DisableGlobalIRQ();
  22   1      }
  23          
  24          /***
  25           * @brief 失能总中断
  26           * @date  2023-01-17
  27          */
  28          void DisableGlobalIRQ(void){
  29   1        EA = 0;
  30   1      }
  31          
  32          /***
  33           * @brief 使能总中断
  34           * @date  2023-01-17
  35          */
  36          void EnableGlobalIRQ(void){
  37   1        EA = 1;
  38   1      }
  39          
  40          /***
  41           * @brief 使能看门狗
  42          */
  43          void EnableWDT(void) {
  44   1        WDT_CONTR = 0x34;
  45   1      }


MODULE INFORMATION:   STATIC OVERLAYABLE
   CODE SIZE        =     20    ----
   CONSTANT SIZE    =   ----    ----
   XDATA SIZE       =   ----    ----
   PDATA SIZE       =   ----    ----
   DATA SIZE        =      4    ----
C51 COMPILER V9.57.0.0   BOARD                                                             01/22/2023 21:07:01 PAGE 2   

   IDATA SIZE       =   ----    ----
   BIT SIZE         =   ----    ----
END OF MODULE INFORMATION.


C51 COMPILATION COMPLETE.  0 WARNING(S),  0 ERROR(S)
