C51 COMPILER V9.57.0.0   DYDIGITUBE                                                        02/10/2023 16:41:28 PAGE 1   


C51 COMPILER V9.57.0.0, COMPILATION OF MODULE DYDIGITUBE
OBJECT MODULE PLACED IN .\Objects\DyDigiTube.obj
COMPILER INVOKED BY: C:\Keil_v5\C51\BIN\C51.EXE ..\CODE\DyDigiTube.c OPTIMIZE(8,SPEED) BROWSE INCDIR(..\..\Libraries\lib
                    -raries;..\USER\inc;..\CODE;..\..\Libraries\zxy_libraries) DEBUG OBJECTEXTEND PRINT(.\Listings\DyDigiTube.lst) TABS(2) OB
                    -JECT(.\Objects\DyDigiTube.obj)

line level    source

   1          #include "DyDigiTube.h"
   2          
   3          sbit LSA=P2^2;
   4          sbit LSB=P2^3;
   5          sbit LSC=P2^4;
   6          
   7          // 共阴极数码管
   8          static const uint8 code DISPLAY[13] = {
   9              0x3F,0x06,0x5B,0x4F,0x66,   // 0 ~ 4
  10              0x6D,0x7D,0x07,0x7F,0x6F,   // 5 ~ 9
  11              0x77,0x73,                  // A -> *, P -> #
  12              0x40, };                    // -
  13          
  14          /***
  15           * @date    2023-01-18
  16          */
  17          uint8 DyDigiTube_4x2_init(DyDigiTube_4x2 *const THIS){
  18   1          uint8 i = 0x00;
  19   1          THIS->enable_last = 0;
  20   1          THIS->_full  = 0;
  21   1          THIS->_emtp  = 1;
  22   1          // memset(THIS->display, sizeof(Display)*8, DDT_minus);
  23   1          for (i = 0; i < 8; i++){
  24   2              THIS->display[i] = DDT_minus;
  25   2          }
  26   1          
  27   1          return 0;
  28   1      }
  29          
  30          /***
  31           * @date    2023-01-18
  32           * @note    不要在定时器中断里调用
  33          */
  34          void Delay1ms()   //@12.000MHz
  35          {
  36   1        unsigned char i, j;
  37   1      
  38   1        i = 2;
  39   1        j = 239;
  40   1        do
  41   1        {
  42   2          while (--j);
  43   2        } while (--i);
  44   1      }
  45          
  46          /***
  47           * @brief   (内部调用)数码管上显示一个数字
  48           * @date    2023-01-18
  49           * @note    不要在定时器中断里调用
  50           *          可以在main函数的循环里用
  51          */
  52          void DyDigiTube_4x2_PutNum(DyDigiTube_4x2 *const THIS) {
  53   1          uint8 i = 0x00;
C51 COMPILER V9.57.0.0   DYDIGITUBE                                                        02/10/2023 16:41:28 PAGE 2   

  54   1          for(i = 0x00; i < 0x08; i++){
  55   2              LSA = i & 0x01;
  56   2              LSB = i & 0x02;
  57   2              LSC = i & 0x04;
  58   2              DDT_DP_PORT = DISPLAY[THIS->display[i]];
  59   2              Delay1ms();
  60   2              DDT_DP_PORT = 0x00;
  61   2          }
  62   1          
  63   1      }
  64          
  65          /***
  66           * @brief   号码盘上增加一个数字
  67           * @date    2023-01-18
  68           *          可以在main函数的循环里用
  69          */
  70          void DyDigiTube_4x2_push(DyDigiTube_4x2 *const THIS, Display num){
  71   1          uint8 i = 0x00;
  72   1          THIS->_emtp = 0;
  73   1          if(THIS->_full) return ;
  74   1          for(; i < 0x08; i++){
  75   2              if(THIS->display[i] == DDT_minus){
  76   3                  THIS->display[i] = num;
  77   3                  break;
  78   3              }
  79   2          }
  80   1          if (i >= 0x07){
  81   2              THIS->_full = 1;
  82   2          }
  83   1          return ;
  84   1      }
  85          
  86          /***
  87           * @brief   号码盘上删除一个数字
  88           * @date    2023-01-22
  89          */
  90          void DyDigiTube_4x2_popb(DyDigiTube_4x2 *const THIS) {
  91   1          uint8 i = 0x08;
  92   1          THIS->_full = 0;
  93   1          if(THIS->_emtp) return ;
  94   1          for(; i > 0x00; i--){
  95   2              if(THIS->display[i-1] != DDT_minus) {
  96   3                  THIS->display[i-1] = DDT_minus;
  97   3                  break;
  98   3              }
  99   2          }
 100   1          if(i == 0x00) {
 101   2              THIS->_emtp = 1;
 102   2          }
 103   1          return ;
 104   1      }
 105          
 106          /***
 107           * @brief   拨号功能, 不满八位不予拨号
 108           * @date    2023-01-22
 109          */
 110          uint8 DyDigiTube_4x2_Dail(DyDigiTube_4x2 *const THIS) {
 111   1          uint8 i = 0x00;
 112   1          if(!THIS->_full) {
 113   2              printf("Not Correct.\r\n");
 114   2              return 0;
 115   2          }
C51 COMPILER V9.57.0.0   DYDIGITUBE                                                        02/10/2023 16:41:28 PAGE 3   

 116   1          if(!THIS->enable_last) {
 117   2              THIS->enable_last = 1;
 118   2          }
 119   1          
 120   1          for(; i < 0x08; i++){
 121   2              switch (THIS->display[i])
 122   2              {
 123   3              case DDT_zero:  putchar('0'); break;
 124   3              case DDT_one:   putchar('1'); break;
 125   3              case DDT_two:   putchar('2'); break;
 126   3              case DDT_three: putchar('3'); break;
 127   3              case DDT_four:  putchar('4'); break;
 128   3              case DDT_five:  putchar('5'); break;
 129   3              case DDT_six:   putchar('6'); break;
 130   3              case DDT_seven: putchar('7'); break;
 131   3              case DDT_eight: putchar('8'); break;
 132   3              case DDT_nine:  putchar('9'); break;
 133   3              
 134   3              default:
 135   3                  break;
 136   3              }
 137   2              THIS->last_nu[i] = THIS->display[i];
 138   2          }
 139   1          printf("\r\n");
 140   1          return 1;
 141   1      }
 142          
 143          /***
 144           * @brief   挂断功能(清除号码盘上的数字)
 145           * @date    2023-01-22
 146          */
 147          void DyDigiTube_4x2_Hang(DyDigiTube_4x2 *const THIS) {
 148   1          uint8 i = 0x00;
 149   1          THIS->_full = 0;
 150   1          THIS->_emtp = 1;
 151   1          for(; i < 0x08; i++){
 152   2              THIS->display[i] = DDT_minus;
 153   2          }
 154   1          return ;
 155   1      }
 156          
 157          /***
 158           * @brief   重拨按钮功能
 159           * @date    2023-02-10
 160          */
 161          uint8 DyDigiTube_4x2_Redail(DyDigiTube_4x2 *const THIS) {
 162   1          uint8 i = 0x00;
 163   1          if(!THIS->enable_last) {
 164   2              printf("Fail to redail.\r\n");
 165   2              return 0;
 166   2          }
 167   1          for(; i < 0x08; i++) {
 168   2              DyDigiTube_4x2_push(THIS, THIS->last_nu[i]);
 169   2          }
 170   1          DyDigiTube_4x2_Dail(THIS);
 171   1          return 1;
 172   1      }


MODULE INFORMATION:   STATIC OVERLAYABLE
   CODE SIZE        =    591    ----
   CONSTANT SIZE    =     49    ----
C51 COMPILER V9.57.0.0   DYDIGITUBE                                                        02/10/2023 16:41:28 PAGE 4   

   XDATA SIZE       =   ----    ----
   PDATA SIZE       =   ----    ----
   DATA SIZE        =   ----      20
   IDATA SIZE       =   ----    ----
   BIT SIZE         =   ----    ----
END OF MODULE INFORMATION.


C51 COMPILATION COMPLETE.  0 WARNING(S),  0 ERROR(S)
