C51 COMPILER V9.57.0.0   FSM                                                               01/22/2023 21:07:16 PAGE 1   


C51 COMPILER V9.57.0.0, COMPILATION OF MODULE FSM
OBJECT MODULE PLACED IN .\Objects\FSM.obj
COMPILER INVOKED BY: C:\Keil_v5\C51\BIN\C51.EXE ..\CODE\FSM.c OPTIMIZE(8,SPEED) BROWSE INCDIR(..\..\Libraries\libraries;
                    -..\USER\inc;..\CODE;..\..\Libraries\zxy_libraries) DEBUG OBJECTEXTEND PRINT(.\Listings\FSM.lst) TABS(2) OBJECT(.\Objects
                    -\FSM.obj)

line level    source

   1          #include "FSM.h"
   2          
   3          Timer CoolDown;
   4          
   5          uint8 FSM_init(uint32 time){
   6   1          if(!Timer_init(&CoolDown, time))
   7   1          return 0;
   8   1      }
   9          
  10          void FSM_service(DyDigiTube_4x2 *const THIS, KeyBoard_4x4 *const KeyBoard){
  11   1          KeyBoard_4x4_scan(KeyBoard);
  12   1          _nop_();_nop_();_nop_();_nop_();
  13   1          _nop_();_nop_();_nop_();_nop_();
  14   1          
  15   1          if (Timer_judge(&CoolDown)) {
  16   2              switch (KeyBoard->button_na) {
  17   3                  case zero:  DyDigiTube_4x2_push(THIS, DDT_zero);    break;
  18   3                  case one:   DyDigiTube_4x2_push(THIS, DDT_one);     break;
  19   3                  case two:   DyDigiTube_4x2_push(THIS, DDT_two);     break;
  20   3                  case three: DyDigiTube_4x2_push(THIS, DDT_three);   break;
  21   3                  case four:  DyDigiTube_4x2_push(THIS, DDT_four);    break;
  22   3                  case five:  DyDigiTube_4x2_push(THIS, DDT_five);    break;
  23   3                  case six:   DyDigiTube_4x2_push(THIS, DDT_six);     break;
  24   3                  case seven: DyDigiTube_4x2_push(THIS, DDT_seven);   break;
  25   3                  case eight: DyDigiTube_4x2_push(THIS, DDT_eight);   break;
  26   3                  case nine:  DyDigiTube_4x2_push(THIS, DDT_nine);    break;
  27   3      
  28   3                  case Backspace: DyDigiTube_4x2_popb(THIS);          break;
  29   3      
  30   3                  case Dail:  DyDigiTube_4x2_Dail(THIS);              break;
  31   3                  case Hang:  DyDigiTube_4x2_Hang(THIS);              break;
  32   3                  default:
  33   3                      break;
  34   3              }
  35   2          }
  36   1          
  37   1          
  38   1      }
*** WARNING C291 IN LINE 8 OF ..\CODE\FSM.c: not every exit path returns a value


MODULE INFORMATION:   STATIC OVERLAYABLE
   CODE SIZE        =    253    ----
   CONSTANT SIZE    =   ----    ----
   XDATA SIZE       =   ----    ----
   PDATA SIZE       =   ----    ----
   DATA SIZE        =     10       6
   IDATA SIZE       =   ----    ----
   BIT SIZE         =   ----    ----
END OF MODULE INFORMATION.


C51 COMPILATION COMPLETE.  1 WARNING(S),  0 ERROR(S)
