C51 COMPILER V9.57.0.0   ISR                                                               01/22/2023 13:38:34 PAGE 1   


C51 COMPILER V9.57.0.0, COMPILATION OF MODULE ISR
OBJECT MODULE PLACED IN .\Objects\isr.obj
COMPILER INVOKED BY: C:\Keil_v5\C51\BIN\C51.EXE ..\USER\src\isr.c OPTIMIZE(8,SPEED) BROWSE INCDIR(..\..\Libraries\librar
                    -ies;..\USER\inc;..\CODE;..\..\Libraries\zxy_libraries) DEBUG OBJECTEXTEND PRINT(.\Listings\isr.lst) TABS(2) OBJECT(.\Obj
                    -ects\isr.obj)

line level    source

   1          /***
   2           * @file    isr.c
   3           * @brief 存放所有中断服务函数
   4           * @author  zxy
   5           * @date    2023-01-17
   6          */
   7          
   8          #include "modules.h"
   9          #include "FSM.h"
  10          
  11          // sbit LED1 = P2^0;
  12          
  13          
  14          void TM0_Isr() interrupt 1 {
  15   1        SYStim += 5;
  16   1        // KeyBoard_4x4_scan(&key_board);
  17   1        // DyDigiTube_4x2_push(&dy_digital_tube, KeyBoard_4x4_scan(&key_board));
  18   1        FSM_service(&dy_digital_tube, &key_board);
  19   1        // if(key_board.button_na != NONE)
  20   1        //  printf("%d\r\n", key_board.button_na);
  21   1        // printf("%lu\r\n", key_board._same->last_time);
  22   1      }
  23          
  24          /***
  25           * @brief 只负责接收数据
  26           * @date  2023-01-17
  27          */
  28          void UART1_Routine(void) interrupt 4 {
  29   1          uint8 res;
  30   1          if(RI){ // receive
  31   2          RI = 0;
  32   2          res = SBUF;
  33   2        }
  34   1        putchar(res);
  35   1      }
  36          
  37          //void INT0_Routine(void) interrupt 0
  38          //void TM0_Rountine(void) interrupt 1
  39          //void INT1_Routine(void) interrupt 2
  40          //void TM1_Rountine(void) interrupt 3
  41          //void UART1_Routine(void) interrupt 4
  42          //void ADC_Routine(void) interrupt 5
  43          //void LVD_Routine(void) interrupt 6
  44          //void PCA_Routine(void) interrupt 7
  45          //void UART2_Routine(void) interrupt 8
  46          //void SPI_Routine(void) interrupt 9
  47          //void INT2_Routine(void) interrupt 10
  48          //void INT3_Routine(void) interrupt 11
  49          //void TM2_Routine(void) interrupt 12
  50          //void INT4_Routine(void) interrupt 16
  51          //void UART3_Routine(void) interrupt 17
  52          //void UART4_Routine(void) interrupt 18
  53          //void TM3_Routine(void) interrupt 19
C51 COMPILER V9.57.0.0   ISR                                                               01/22/2023 13:38:34 PAGE 2   

  54          //void TM4_Routine(void) interrupt 20
  55          //void CMP_Routine(void) interrupt 21
  56          //void PWM0_Routine(void) interrupt 22
  57          //void PWM0FD_Routine(void) interrupt 23
  58          //void I2C_Routine(void) interrupt 24
  59          //void PWM1_Routine(void) interrupt 28
  60          //void PWM2_Routine(void) interrupt 29
  61          //void PWM3_Routine(void) interrupt 30
  62          //void PWM4_Routine(void) interrupt 31
  63          //void PWM5_Routine(void) interrupt 32
  64          //void PWM2FD_Routine(void) interrupt 33
  65          //void PWM4FD_Routine(void) interrupt 34
  66          //void TKSU_Routine(void) interrupt 35


MODULE INFORMATION:   STATIC OVERLAYABLE
   CODE SIZE        =    164    ----
   CONSTANT SIZE    =   ----    ----
   XDATA SIZE       =   ----    ----
   PDATA SIZE       =   ----    ----
   DATA SIZE        =   ----       1
   IDATA SIZE       =   ----    ----
   BIT SIZE         =   ----    ----
END OF MODULE INFORMATION.


C51 COMPILATION COMPLETE.  0 WARNING(S),  0 ERROR(S)
