C51 COMPILER V9.57.0.0   MAIN                                                              02/10/2023 11:05:38 PAGE 1   


C51 COMPILER V9.57.0.0, COMPILATION OF MODULE MAIN
OBJECT MODULE PLACED IN .\Objects\main.obj
COMPILER INVOKED BY: C:\Keil_v5\C51\BIN\C51.EXE ..\USER\src\main.c OPTIMIZE(8,SPEED) BROWSE INCDIR(..\..\Libraries\libra
                    -ries;..\USER\inc;..\CODE;..\..\Libraries\zxy_libraries) DEBUG OBJECTEXTEND PRINT(.\Listings\main.lst) TABS(2) OBJECT(.\O
                    -bjects\main.obj)

line level    source

   1          /***
   2           * @file    main.c
   3           * @brief   存放程序入口
   4           * @author  zxy
   5           * @date    2023-01-17
   6          */
   7          
   8          #include "modules.h"
   9          
  10          
  11          
  12          /***
  13           * @brief   程序入口
  14           * @author  zxy
  15           * @date    2023-01-17
  16           * 
  17           * @note    1.CPU外部晶振12MHz
  18           * @note    2.烧录时选择12T不加倍
  19           * @note    3.定时器0中断周期10ms
  20           * @note    4.串口通讯UART波特率2400
  21          */
  22          void main(){
  23   1          void modules_init();
  24   1          sys_clk = 12000000;
  25   1          board_init();           // 基本寄存器初始化并关闭总中断
  26   1          modules_init();         // 外设初始化
  27   1          EnableWDT();            // 使能看门狗
  28   1          EnableGlobalIRQ();      // 打开总中断
  29   1      
  30   1          // DyDigiTube_4x2_push(&dy_digital_tube, 1);
  31   1          LOOP:
  32   1              DyDigiTube_4x2_PutNum(&dy_digital_tube);
  33   1          goto LOOP;
  34   1      }
  35          
  36          


MODULE INFORMATION:   STATIC OVERLAYABLE
   CODE SIZE        =     35    ----
   CONSTANT SIZE    =   ----    ----
   XDATA SIZE       =   ----    ----
   PDATA SIZE       =   ----    ----
   DATA SIZE        =   ----    ----
   IDATA SIZE       =   ----    ----
   BIT SIZE         =   ----    ----
END OF MODULE INFORMATION.


C51 COMPILATION COMPLETE.  0 WARNING(S),  0 ERROR(S)
