C51 COMPILER V9.57.0.0   MODULES                                                           01/22/2023 14:06:11 PAGE 1   


C51 COMPILER V9.57.0.0, COMPILATION OF MODULE MODULES
OBJECT MODULE PLACED IN .\Objects\modules.obj
COMPILER INVOKED BY: C:\Keil_v5\C51\BIN\C51.EXE ..\USER\src\modules.c OPTIMIZE(8,SPEED) BROWSE INCDIR(..\..\Libraries\li
                    -braries;..\USER\inc;..\CODE;..\..\Libraries\zxy_libraries) DEBUG OBJECTEXTEND PRINT(.\Listings\modules.lst) TABS(2) OBJE
                    -CT(.\Objects\modules.obj)

line level    source

   1          #include "modules.h"
   2          
   3          
   4          KeyBoard_4x4 key_board;
   5          DyDigiTube_4x2 dy_digital_tube;
   6          
   7          // Timer same_key_timer;
   8          // Timer diff_key_timer;
   9          
  10          /***
  11           * @brief   外设初始化
  12           * @date    2023-01-17
  13          */
  14          void modules_init(){
  15   1          pit_timer_ms(TIM_0, 10);    // 定时器0中断初始化
  16   1          UartInit();                 // 串口通讯初始化
  17   1          printf("SYSclk:12M\r\nTIM0_PIT:10ms\r\nUART_BAUD:2400\r\n");    // 打印基本信息
  18   1          // Timer_init(&same_key_timer, 500);
  19   1          FSM_init(100);
  20   1          KeyBoard_4x4_init(&key_board);
  21   1          DyDigiTube_4x2_init(&dy_digital_tube);
  22   1      }


MODULE INFORMATION:   STATIC OVERLAYABLE
   CODE SIZE        =     50    ----
   CONSTANT SIZE    =     44    ----
   XDATA SIZE       =   ----    ----
   PDATA SIZE       =   ----    ----
   DATA SIZE        =     17    ----
   IDATA SIZE       =   ----    ----
   BIT SIZE         =   ----    ----
END OF MODULE INFORMATION.


C51 COMPILATION COMPLETE.  0 WARNING(S),  0 ERROR(S)
