C51 COMPILER V9.57.0.0   TIM                                                               01/22/2023 21:07:02 PAGE 1   


C51 COMPILER V9.57.0.0, COMPILATION OF MODULE TIM
OBJECT MODULE PLACED IN .\Objects\TIM.obj
COMPILER INVOKED BY: C:\Keil_v5\C51\BIN\C51.EXE ..\..\Libraries\zxy_libraries\TIM.c OPTIMIZE(8,SPEED) BROWSE INCDIR(..\.
                    -.\Libraries\libraries;..\USER\inc;..\CODE;..\..\Libraries\zxy_libraries) DEBUG OBJECTEXTEND PRINT(.\Listings\TIM.lst) TA
                    -BS(2) OBJECT(.\Objects\TIM.obj)

line level    source

   1          /***
   2           * @file    TIM.c
   3           * @author  zxy
   4           * @date    2023-01-17
   5          */
   6          
   7          #include "TIM.h"
   8          
   9          /***
  10           * @brief   定时器中断 初始化
  11           * @param   tim_n   定时器通道
  12           * @param   time_ms 中断周期, 单位ms
  13           * @date    2023-01-17
  14           * Sample Uasge : 
  15           *      pit_timer_ms(TIM_0, 5); // 初始化定时器0中断, 5ms运行一次
  16          */
  17          void pit_timer_ms(TIMN_enum tim_n, uint16 time_ms)
  18          {
  19   1        uint16 temp;
  20   1        temp = (uint16)65536 - (uint16)(sys_clk / (12 * (1000 / time_ms)));
  21   1        
  22   1        if(TIM_0 == tim_n)
  23   1        {
  24   2          TMOD |= 0x00;   // 模式 0
  25   2          TL0 = temp;   
  26   2          TH0 = temp >> 8;
  27   2          TR0 = 1;    // 启动定时器
  28   2          ET0 = 1;    // 使能定时器中断
  29   2        }
  30   1        else if(TIM_1 == tim_n)
  31   1        {
  32   2          TMOD |= 0x00; // 模式 0
  33   2          TL1 = temp;   
  34   2          TH1 = temp >> 8;
  35   2          TR1 = 1; // 启动定时器
  36   2          ET1 = 1; // 使能定时器中断
  37   2        }
  38   1      }


MODULE INFORMATION:   STATIC OVERLAYABLE
   CODE SIZE        =     68    ----
   CONSTANT SIZE    =   ----    ----
   XDATA SIZE       =   ----    ----
   PDATA SIZE       =   ----    ----
   DATA SIZE        =   ----       1
   IDATA SIZE       =   ----    ----
   BIT SIZE         =   ----    ----
END OF MODULE INFORMATION.


C51 COMPILATION COMPLETE.  0 WARNING(S),  0 ERROR(S)
