C51 COMPILER V9.57.0.0   UART                                                              01/17/2023 20:01:43 PAGE 1   


C51 COMPILER V9.57.0.0, COMPILATION OF MODULE UART
OBJECT MODULE PLACED IN .\Objects\UART.obj
COMPILER INVOKED BY: C:\Keil_v5\C51\BIN\C51.EXE ..\CODE\UART.c OPTIMIZE(8,SPEED) BROWSE INCDIR(..\..\Libraries\libraries
                    -;..\USER\inc;..\CODE) DEBUG OBJECTEXTEND PRINT(.\Listings\UART.lst) TABS(2) OBJECT(.\Objects\UART.obj)

line level    source

   1          #include "UART.h"
   2          
   3          /***
   4           * @brief 串口通讯初始化, 默认波特率2400
   5           * @date  2023-01-17
   6          */
   7          void UartInit(void)   //2400bps@12.000MHz
   8          {
   9   1        SCON = 0x50;    //8位数据,可变波特率
  10   1        TMOD &= 0x0F;   //设置定时器模式
  11   1        TMOD |= 0x20;   //设置定时器模式
  12   1        TL1 = 0xF3;     //设置定时初始值
  13   1        TH1 = 0xF3;     //设置定时重载值
  14   1        ET1 = 0;      //禁止定时器中断
  15   1        TR1 = 1;      //定时器1开始计时
  16   1      
  17   1        ES  = 1;      // 允许UART中断
  18   1      }
  19          
  20          /***
  21           * @brief 向串口发送一个字节
  22           * @date  2023-01-17
  23          */
  24          void SendByte(uint8 dat){
  25   1        SBUF = dat;
  26   1        while(!TI);
  27   1        TI = 0;
  28   1      }
  29          
  30          /***
  31           * @brief 串口层面上的 putchar()
  32           * @date  2023-01-17
  33          */
  34          int8 putchar(int8 dat){
  35   1        SendByte(dat);
  36   1        return dat;
  37   1      }


MODULE INFORMATION:   STATIC OVERLAYABLE
   CODE SIZE        =     35    ----
   CONSTANT SIZE    =   ----    ----
   XDATA SIZE       =   ----    ----
   PDATA SIZE       =   ----    ----
   DATA SIZE        =   ----    ----
   IDATA SIZE       =   ----    ----
   BIT SIZE         =   ----    ----
END OF MODULE INFORMATION.


C51 COMPILATION COMPLETE.  0 WARNING(S),  0 ERROR(S)
